{
  "gate": "BLOCKED",
  "scope": "official electoral snapshot only",
  "collected_at": "2026-09-21T17:42:21.850312+00:00",
  "all_sp_records": 2629,
  "all_sp_federal_count": 1131,
  "selected_count": 234,
  "out_of_scope_count": 897,
  "scope_partition_exact": true,
  "selected_by_party": {
    "PCO": 10,
    "PCdoB": 2,
    "PDT": 58,
    "PSB": 71,
    "PSOL": 36,
    "PT": 49,
    "PV": 3,
    "UP": 5
  },
  "selected_by_status": {
    "#NE": 234
  },
  "unique_selected_ids": 234,
  "unique_slugs": 234,
  "missing_complement_ids": [],
  "multiple_complement_ids": [],
  "national_crosscheck": {
    "status": "pass",
    "member": "consulta_cand_2026_BRASIL.csv",
    "member_sha256": "09eec6f40cd998120762d65cb5983a06677a42ffab06f9f6f71092260bb903da",
    "encoding": "latin-1",
    "sp_federal_count": 1131
  },
  "reused_ballot_numbers": {},
  "substitutions": [],
  "exceptional_status_count": 234,
  "protected_files_checked": 330,
  "protected_files_changed": [],
  "problems": [
    {
      "kind": "unmapped_selected_status",
      "id": "250002536716",
      "value": "#NE"
    },
    {
      "kind": "unmapped_selected_status",
      "id": "250002536755",
      "value": "#NE"
    },
    {
      "kind": "unmapped_selected_status",
      "id": "250002553327",
      "value": "#NE"
    },
    {
      "kind": "unmapped_selected_status",
      "id": "250002553335",
      "value": "#NE"
    },
    {
      "kind": "unmapped_selected_status",
      "id": "250002553332",
      "value": "#NE"
    },
    {
      "kind": "unmapped_selected_status",
      "id": "250002553331",
      "value": "#NE"
    },
    {
      "kind": "unmapped_selected_status",
      "id": "250002553334",
      "value": "#NE"
    },
    {
      "kind": "unmapped_selected_status",
      "id": "250002553329",
      "value": "#NE"
    },
    {
      "kind": "unmapped_selected_status",
      "id": "250002553328",
      "value": "#NE"
    },
    {
      "kind": "unmapped_selected_status",
      "id": "250002553333",
      "value": "#NE"
    },
    {
      "kind": "unmapped_selected_status",
      "id": "250002553330",
      "value": "#NE"
    },
    {
      "kind": "unmapped_selected_status",
      "id": "250002553326",
      "value": "#NE"
    },
    {
      "kind": "unmapped_selected_status",
      "id": "250002548475",
      "value": "#NE"
    },
    {
      "kind": "unmapped_selected_status",
      "id": "250002548512",
      "value": "#NE"
    },
    {
      "kind": "unmapped_selected_status",
      "id": "250002548508",
      "value": "#NE"
    },
    {
      "kind": "unmapped_selected_status",
      "id": "250002548479",
      "value": "#NE"
    },
    {
      "kind": "unmapped_selected_status",
      "id": "250002548511",
      "value": "#NE"
    },
    {
      "kind": "unmapped_selected_status",
      "id": "250002548491",
      "value": "#NE"
    },
    {
      "kind": "unmapped_selected_status",
      "id": "250002548505",
      "value": "#NE"
    },
    {
      "kind": "unmapped_selected_status",
      "id": "250002548461",
      "value": "#NE"
    },
    {
      "kind": "unmapped_selected_status",
      "id": "250002548513",
      "value": "#NE"
    },
    {
      "kind": "unmapped_selected_status",
      "id": "250002548515",
      "value": "#NE"
    },
    {
      "kind": "unmapped_selected_status",
      "id": "250002548468",
      "value": "#NE"
    },
    {
      "kind": "unmapped_selected_status",
      "id": "250002548478",
      "value": "#NE"
    },
    {
      "kind": "unmapped_selected_status",
      "id": "250002548463",
      "value": "#NE"
    },
    {
      "kind": "unmapped_selected_status",
      "id": "250002548486",
      "value": "#NE"
    },
    {
      "kind": "unmapped_selected_status",
      "id": "250002548464",
      "value": "#NE"
    },
    {
      "kind": "unmapped_selected_status",
      "id": "250002548488",
      "value": "#NE"
    },
    {
      "kind": "unmapped_selected_status",
      "id": "250002548501",
      "value": "#NE"
    },
    {
      "kind": "unmapped_selected_status",
      "id": "250002548483",
      "value": "#NE"
    },
    {
      "kind": "unmapped_selected_status",
      "id": "250002548498",
      "value": "#NE"
    },
    {
      "kind": "unmapped_selected_status",
      "id": "250002548470",
      "value": "#NE"
    },
    {
      "kind": "unmapped_selected_status",
      "id": "250002548493",
      "value": "#NE"
    },
    {
      "kind": "unmapped_selected_status",
      "id": "250002548481",
      "value": "#NE"
    },
    {
      "kind": "unmapped_selected_status",
      "id": "250002548487",
      "value": "#NE"
    },
    {
      "kind": "unmapped_selected_status",
      "id": "250002548492",
      "value": "#NE"
    },
    {
      "kind": "unmapped_selected_status",
      "id": "250002548502",
      "value": "#NE"
    },
    {
      "kind": "unmapped_selected_status",
      "id": "250002548489",
      "value": "#NE"
    },
    {
      "kind": "unmapped_selected_status",
      "id": "250002548518",
      "value": "#NE"
    },
    {
      "kind": "unmapped_selected_status",
      "id": "250002548514",
      "value": "#NE"
    },
    {
      "kind": "unmapped_selected_status",
      "id": "250002548472",
      "value": "#NE"
    },
    {
      "kind": "unmapped_selected_status",
      "id": "250002548466",
      "value": "#NE"
    },
    {
      "kind": "unmapped_selected_status",
      "id": "250002548482",
      "value": "#NE"
    },
    {
      "kind": "unmapped_selected_status",
      "id": "250002548495",
      "value": "#NE"
    },
    {
      "kind": "unmapped_selected_status",
      "id": "250002548500",
      "value": "#NE"
    },
    {
      "kind": "unmapped_selected_status",
      "id": "250002548473",
      "value": "#NE"
    },
    {
      "kind": "unmapped_selected_status",
      "id": "250002548503",
      "value": "#NE"
    },
    {
      "kind": "unmapped_selected_status",
      "id": "250002548490",
      "value": "#NE"
    },
    {
      "kind": "unmapped_selected_status",
      "id": "250002548517",
      "value": "#NE"
    },
    {
      "kind": "unmapped_selected_status",
      "id": "250002548471",
      "value": "#NE"
    },
    {
      "kind": "unmapped_selected_status",
      "id": "250002548494",
      "value": "#NE"
    },
    {
      "kind": "unmapped_selected_status",
      "id": "250002548480",
      "value": "#NE"
    },
    {
      "kind": "unmapped_selected_status",
      "id": "250002548496",
      "value": "#NE"
    },
    {
      "kind": "unmapped_selected_status",
      "id": "250002548510",
      "value": "#NE"
    },
    {
      "kind": "unmapped_selected_status",
      "id": "250002548469",
      "value": "#NE"
    },
    {
      "kind": "unmapped_selected_status",
      "id": "250002548467",
      "value": "#NE"
    },
    {
      "kind": "unmapped_selected_status",
      "id": "250002548465",
      "value": "#NE"
    },
    {
      "kind": "unmapped_selected_status",
      "id": "250002548506",
      "value": "#NE"
    },
    {
      "kind": "unmapped_selected_status",
      "id": "250002548476",
      "value": "#NE"
    },
    {
      "kind": "unmapped_selected_status",
      "id": "250002548474",
      "value": "#NE"
    },
    {
      "kind": "unmapped_selected_status",
      "id": "250002548477",
      "value": "#NE"
    },
    {
      "kind": "unmapped_selected_status",
      "id": "250002548504",
      "value": "#NE"
    },
    {
      "kind": "unmapped_selected_status",
      "id": "250002548484",
      "value": "#NE"
    },
    {
      "kind": "unmapped_selected_status",
      "id": "250002548509",
      "value": "#NE"
    },
    {
      "kind": "unmapped_selected_status",
      "id": "250002548462",
      "value": "#NE"
    },
    {
      "kind": "unmapped_selected_status",
      "id": "250002548485",
      "value": "#NE"
    },
    {
      "kind": "unmapped_selected_status",
      "id": "250002548507",
      "value": "#NE"
    },
    {
      "kind": "unmapped_selected_status",
      "id": "250002548499",
      "value": "#NE"
    },
    {
      "kind": "unmapped_selected_status",
      "id": "250002548516",
      "value": "#NE"
    },
    {
      "kind": "unmapped_selected_status",
      "id": "250002548497",
      "value": "#NE"
    },
    {
      "kind": "unmapped_selected_status",
      "id": "250002539432",
      "value": "#NE"
    },
    {
      "kind": "unmapped_selected_status",
      "id": "250002539446",
      "value": "#NE"
    },
    {
      "kind": "unmapped_selected_status",
      "id": "250002539402",
      "value": "#NE"
    },
    {
      "kind": "unmapped_selected_status",
      "id": "250002539392",
      "value": "#NE"
    },
    {
      "kind": "unmapped_selected_status",
      "id": "250002539447",
      "value": "#NE"
    },
    {
      "kind": "unmapped_selected_status",
      "id": "250002539419",
      "value": "#NE"
    },
    {
      "kind": "unmapped_selected_status",
      "id": "250002539420",
      "value": "#NE"
    },
    {
      "kind": "unmapped_selected_status",
      "id": "250002539385",
      "value": "#NE"
    },
    {
      "kind": "unmapped_selected_status",
      "id": "250002539418",
      "value": "#NE"
    },
    {
      "kind": "unmapped_selected_status",
      "id": "250002539387",
      "value": "#NE"
    },
    {
      "kind": "unmapped_selected_status",
      "id": "250002539424",
      "value": "#NE"
    },
    {
      "kind": "unmapped_selected_status",
      "id": "250002539441",
      "value": "#NE"
    },
    {
      "kind": "unmapped_selected_status",
      "id": "250002539433",
      "value": "#NE"
    },
    {
      "kind": "unmapped_selected_status",
      "id": "250002539442",
      "value": "#NE"
    },
    {
      "kind": "unmapped_selected_status",
      "id": "250002539422",
      "value": "#NE"
    },
    {
      "kind": "unmapped_selected_status",
      "id": "250002539449",
      "value": "#NE"
    },
    {
      "kind": "unmapped_selected_status",
      "id": "250002539439",
      "value": "#NE"
    },
    {
      "kind": "unmapped_selected_status",
      "id": "250002539417",
      "value": "#NE"
    },
    {
      "kind": "unmapped_selected_status",
      "id": "250002539431",
      "value": "#NE"
    },
    {
      "kind": "unmapped_selected_status",
      "id": "250002539423",
      "value": "#NE"
    },
    {
      "kind": "unmapped_selected_status",
      "id": "250002539425",
      "value": "#NE"
    },
    {
      "kind": "unmapped_selected_status",
      "id": "250002539443",
      "value": "#NE"
    },
    {
      "kind": "unmapped_selected_status",
      "id": "250002539434",
      "value": "#NE"
    },
    {
      "kind": "unmapped_selected_status",
      "id": "250002539396",
      "value": "#NE"
    },
    {
      "kind": "unmapped_selected_status",
      "id": "250002539401",
      "value": "#NE"
    },
    {
      "kind": "unmapped_selected_status",
      "id": "250002539450",
      "value": "#NE"
    },
    {
      "kind": "unmapped_selected_status",
      "id": "250002539415",
      "value": "#NE"
    },
    {
      "kind": "unmapped_selected_status",
      "id": "250002539445",
      "value": "#NE"
    },
    {
      "kind": "unmapped_selected_status",
      "id": "250002539416",
      "value": "#NE"
    },
    {
      "kind": "unmapped_selected_status",
      "id": "250002539430",
      "value": "#NE"
    },
    {
      "kind": "unmapped_selected_status",
      "id": "250002539400",
      "value": "#NE"
    },
    {
      "kind": "unmapped_selected_status",
      "id": "250002539386",
      "value": "#NE"
    },
    {
      "kind": "unmapped_selected_status",
      "id": "250002539405",
      "value": "#NE"
    },
    {
      "kind": "unmapped_selected_status",
      "id": "250002539436",
      "value": "#NE"
    },
    {
      "kind": "unmapped_selected_status",
      "id": "250002539414",
      "value": "#NE"
    },
    {
      "kind": "unmapped_selected_status",
      "id": "250002539399",
      "value": "#NE"
    },
    {
      "kind": "unmapped_selected_status",
      "id": "250002539455",
      "value": "#NE"
    },
    {
      "kind": "unmapped_selected_status",
      "id": "250002539409",
      "value": "#NE"
    },
    {
      "kind": "unmapped_selected_status",
      "id": "250002539411",
      "value": "#NE"
    },
    {
      "kind": "unmapped_selected_status",
      "id": "250002539453",
      "value": "#NE"
    },
    {
      "kind": "unmapped_selected_status",
      "id": "250002539407",
      "value": "#NE"
    },
    {
      "kind": "unmapped_selected_status",
      "id": "250002539393",
      "value": "#NE"
    },
    {
      "kind": "unmapped_selected_status",
      "id": "250002539410",
      "value": "#NE"
    },
    {
      "kind": "unmapped_selected_status",
      "id": "250002539408",
      "value": "#NE"
    },
    {
      "kind": "unmapped_selected_status",
      "id": "250002539390",
      "value": "#NE"
    },
    {
      "kind": "unmapped_selected_status",
      "id": "250002539426",
      "value": "#NE"
    },
    {
      "kind": "unmapped_selected_status",
      "id": "250002539412",
      "value": "#NE"
    },
    {
      "kind": "unmapped_selected_status",
      "id": "250002539389",
      "value": "#NE"
    },
    {
      "kind": "unmapped_selected_status",
      "id": "250002539438",
      "value": "#NE"
    },
    {
      "kind": "unmapped_selected_status",
      "id": "250002539394",
      "value": "#NE"
    },
    {
      "kind": "unmapped_selected_status",
      "id": "250002539395",
      "value": "#NE"
    },
    {
      "kind": "unmapped_selected_status",
      "id": "250002539437",
      "value": "#NE"
    },
    {
      "kind": "unmapped_selected_status",
      "id": "250002539428",
      "value": "#NE"
    },
    {
      "kind": "unmapped_selected_status",
      "id": "250002539451",
      "value": "#NE"
    },
    {
      "kind": "unmapped_selected_status",
      "id": "250002539421",
      "value": "#NE"
    },
    {
      "kind": "unmapped_selected_status",
      "id": "250002539398",
      "value": "#NE"
    },
    {
      "kind": "unmapped_selected_status",
      "id": "250002539444",
      "value": "#NE"
    },
    {
      "kind": "unmapped_selected_status",
      "id": "250002539413",
      "value": "#NE"
    },
    {
      "kind": "unmapped_selected_status",
      "id": "250002539429",
      "value": "#NE"
    },
    {
      "kind": "unmapped_selected_status",
      "id": "250002539448",
      "value": "#NE"
    },
    {
      "kind": "unmapped_selected_status",
      "id": "250002539388",
      "value": "#NE"
    },
    {
      "kind": "unmapped_selected_status",
      "id": "250002539404",
      "value": "#NE"
    },
    {
      "kind": "unmapped_selected_status",
      "id": "250002539454",
      "value": "#NE"
    },
    {
      "kind": "unmapped_selected_status",
      "id": "250002539397",
      "value": "#NE"
    },
    {
      "kind": "unmapped_selected_status",
      "id": "250002539427",
      "value": "#NE"
    },
    {
      "kind": "unmapped_selected_status",
      "id": "250002539406",
      "value": "#NE"
    },
    {
      "kind": "unmapped_selected_status",
      "id": "250002539403",
      "value": "#NE"
    },
    {
      "kind": "unmapped_selected_status",
      "id": "250002539391",
      "value": "#NE"
    },
    {
      "kind": "unmapped_selected_status",
      "id": "250002539440",
      "value": "#NE"
    },
    {
      "kind": "unmapped_selected_status",
      "id": "250002539435",
      "value": "#NE"
    },
    {
      "kind": "unmapped_selected_status",
      "id": "250002539452",
      "value": "#NE"
    },
    {
      "kind": "unmapped_selected_status",
      "id": "250002539614",
      "value": "#NE"
    },
    {
      "kind": "unmapped_selected_status",
      "id": "250002539619",
      "value": "#NE"
    },
    {
      "kind": "unmapped_selected_status",
      "id": "250002539598",
      "value": "#NE"
    },
    {
      "kind": "unmapped_selected_status",
      "id": "250002539610",
      "value": "#NE"
    },
    {
      "kind": "unmapped_selected_status",
      "id": "250002539588",
      "value": "#NE"
    },
    {
      "kind": "unmapped_selected_status",
      "id": "250002539601",
      "value": "#NE"
    },
    {
      "kind": "unmapped_selected_status",
      "id": "250002539599",
      "value": "#NE"
    },
    {
      "kind": "unmapped_selected_status",
      "id": "250002539595",
      "value": "#NE"
    },
    {
      "kind": "unmapped_selected_status",
      "id": "250002539612",
      "value": "#NE"
    },
    {
      "kind": "unmapped_selected_status",
      "id": "250002539616",
      "value": "#NE"
    },
    {
      "kind": "unmapped_selected_status",
      "id": "250002539623",
      "value": "#NE"
    },
    {
      "kind": "unmapped_selected_status",
      "id": "250002539608",
      "value": "#NE"
    },
    {
      "kind": "unmapped_selected_status",
      "id": "250002539620",
      "value": "#NE"
    },
    {
      "kind": "unmapped_selected_status",
      "id": "250002539587",
      "value": "#NE"
    },
    {
      "kind": "unmapped_selected_status",
      "id": "250002539607",
      "value": "#NE"
    },
    {
      "kind": "unmapped_selected_status",
      "id": "250002539613",
      "value": "#NE"
    },
    {
      "kind": "unmapped_selected_status",
      "id": "250002539589",
      "value": "#NE"
    },
    {
      "kind": "unmapped_selected_status",
      "id": "250002539596",
      "value": "#NE"
    },
    {
      "kind": "unmapped_selected_status",
      "id": "250002539617",
      "value": "#NE"
    },
    {
      "kind": "unmapped_selected_status",
      "id": "250002539628",
      "value": "#NE"
    },
    {
      "kind": "unmapped_selected_status",
      "id": "250002539624",
      "value": "#NE"
    },
    {
      "kind": "unmapped_selected_status",
      "id": "250002539597",
      "value": "#NE"
    },
    {
      "kind": "unmapped_selected_status",
      "id": "250002539618",
      "value": "#NE"
    },
    {
      "kind": "unmapped_selected_status",
      "id": "250002539594",
      "value": "#NE"
    },
    {
      "kind": "unmapped_selected_status",
      "id": "250002539600",
      "value": "#NE"
    },
    {
      "kind": "unmapped_selected_status",
      "id": "250002539622",
      "value": "#NE"
    },
    {
      "kind": "unmapped_selected_status",
      "id": "250002539629",
      "value": "#NE"
    },
    {
      "kind": "unmapped_selected_status",
      "id": "250002539631",
      "value": "#NE"
    },
    {
      "kind": "unmapped_selected_status",
      "id": "250002539604",
      "value": "#NE"
    },
    {
      "kind": "unmapped_selected_status",
      "id": "250002539621",
      "value": "#NE"
    },
    {
      "kind": "unmapped_selected_status",
      "id": "250002539590",
      "value": "#NE"
    },
    {
      "kind": "unmapped_selected_status",
      "id": "250002539593",
      "value": "#NE"
    },
    {
      "kind": "unmapped_selected_status",
      "id": "250002539602",
      "value": "#NE"
    },
    {
      "kind": "unmapped_selected_status",
      "id": "250002539611",
      "value": "#NE"
    },
    {
      "kind": "unmapped_selected_status",
      "id": "250002539615",
      "value": "#NE"
    },
    {
      "kind": "unmapped_selected_status",
      "id": "250002539591",
      "value": "#NE"
    },
    {
      "kind": "unmapped_selected_status",
      "id": "250002536736",
      "value": "#NE"
    },
    {
      "kind": "unmapped_selected_status",
      "id": "250002536746",
      "value": "#NE"
    },
    {
      "kind": "unmapped_selected_status",
      "id": "250002536756",
      "value": "#NE"
    },
    {
      "kind": "unmapped_selected_status",
      "id": "250002536718",
      "value": "#NE"
    },
    {
      "kind": "unmapped_selected_status",
      "id": "250002536719",
      "value": "#NE"
    },
    {
      "kind": "unmapped_selected_status",
      "id": "250002536731",
      "value": "#NE"
    },
    {
      "kind": "unmapped_selected_status",
      "id": "250002536737",
      "value": "#NE"
    },
    {
      "kind": "unmapped_selected_status",
      "id": "250002536765",
      "value": "#NE"
    },
    {
      "kind": "unmapped_selected_status",
      "id": "250002536715",
      "value": "#NE"
    },
    {
      "kind": "unmapped_selected_status",
      "id": "250002536720",
      "value": "#NE"
    },
    {
      "kind": "unmapped_selected_status",
      "id": "250002536743",
      "value": "#NE"
    },
    {
      "kind": "unmapped_selected_status",
      "id": "250002536759",
      "value": "#NE"
    },
    {
      "kind": "unmapped_selected_status",
      "id": "250002536729",
      "value": "#NE"
    },
    {
      "kind": "unmapped_selected_status",
      "id": "250002536751",
      "value": "#NE"
    },
    {
      "kind": "unmapped_selected_status",
      "id": "250002536760",
      "value": "#NE"
    },
    {
      "kind": "unmapped_selected_status",
      "id": "250002536757",
      "value": "#NE"
    },
    {
      "kind": "unmapped_selected_status",
      "id": "250002536733",
      "value": "#NE"
    },
    {
      "kind": "unmapped_selected_status",
      "id": "250002536734",
      "value": "#NE"
    },
    {
      "kind": "unmapped_selected_status",
      "id": "250002536735",
      "value": "#NE"
    },
    {
      "kind": "unmapped_selected_status",
      "id": "250002536722",
      "value": "#NE"
    },
    {
      "kind": "unmapped_selected_status",
      "id": "250002536739",
      "value": "#NE"
    },
    {
      "kind": "unmapped_selected_status",
      "id": "250002536727",
      "value": "#NE"
    },
    {
      "kind": "unmapped_selected_status",
      "id": "250002536732",
      "value": "#NE"
    },
    {
      "kind": "unmapped_selected_status",
      "id": "250002536721",
      "value": "#NE"
    },
    {
      "kind": "unmapped_selected_status",
      "id": "250002536741",
      "value": "#NE"
    },
    {
      "kind": "unmapped_selected_status",
      "id": "250002536749",
      "value": "#NE"
    },
    {
      "kind": "unmapped_selected_status",
      "id": "250002536747",
      "value": "#NE"
    },
    {
      "kind": "unmapped_selected_status",
      "id": "250002536717",
      "value": "#NE"
    },
    {
      "kind": "unmapped_selected_status",
      "id": "250002536750",
      "value": "#NE"
    },
    {
      "kind": "unmapped_selected_status",
      "id": "250002536738",
      "value": "#NE"
    },
    {
      "kind": "unmapped_selected_status",
      "id": "250002536748",
      "value": "#NE"
    },
    {
      "kind": "unmapped_selected_status",
      "id": "250002536764",
      "value": "#NE"
    },
    {
      "kind": "unmapped_selected_status",
      "id": "250002536745",
      "value": "#NE"
    },
    {
      "kind": "unmapped_selected_status",
      "id": "250002536761",
      "value": "#NE"
    },
    {
      "kind": "unmapped_selected_status",
      "id": "250002536730",
      "value": "#NE"
    },
    {
      "kind": "unmapped_selected_status",
      "id": "250002536754",
      "value": "#NE"
    },
    {
      "kind": "unmapped_selected_status",
      "id": "250002536740",
      "value": "#NE"
    },
    {
      "kind": "unmapped_selected_status",
      "id": "250002536713",
      "value": "#NE"
    },
    {
      "kind": "unmapped_selected_status",
      "id": "250002536766",
      "value": "#NE"
    },
    {
      "kind": "unmapped_selected_status",
      "id": "250002536714",
      "value": "#NE"
    },
    {
      "kind": "unmapped_selected_status",
      "id": "250002536753",
      "value": "#NE"
    },
    {
      "kind": "unmapped_selected_status",
      "id": "250002536726",
      "value": "#NE"
    },
    {
      "kind": "unmapped_selected_status",
      "id": "250002536725",
      "value": "#NE"
    },
    {
      "kind": "unmapped_selected_status",
      "id": "250002536763",
      "value": "#NE"
    },
    {
      "kind": "unmapped_selected_status",
      "id": "250002536723",
      "value": "#NE"
    },
    {
      "kind": "unmapped_selected_status",
      "id": "250002536752",
      "value": "#NE"
    },
    {
      "kind": "unmapped_selected_status",
      "id": "250002536758",
      "value": "#NE"
    },
    {
      "kind": "unmapped_selected_status",
      "id": "250002536744",
      "value": "#NE"
    },
    {
      "kind": "unmapped_selected_status",
      "id": "250002536762",
      "value": "#NE"
    },
    {
      "kind": "unmapped_selected_status",
      "id": "250002536724",
      "value": "#NE"
    },
    {
      "kind": "unmapped_selected_status",
      "id": "250002536742",
      "value": "#NE"
    },
    {
      "kind": "unmapped_selected_status",
      "id": "250002536728",
      "value": "#NE"
    },
    {
      "kind": "unmapped_selected_status",
      "id": "250002547835",
      "value": "#NE"
    },
    {
      "kind": "unmapped_selected_status",
      "id": "250002547831",
      "value": "#NE"
    },
    {
      "kind": "unmapped_selected_status",
      "id": "250002547832",
      "value": "#NE"
    },
    {
      "kind": "unmapped_selected_status",
      "id": "250002547834",
      "value": "#NE"
    },
    {
      "kind": "unmapped_selected_status",
      "id": "250002547833",
      "value": "#NE"
    }
  ],
  "limitations": [
    "Snapshot subject to subsequent official updates.",
    "Candidacy and complementary files are different exports of TSE systems, not independent institutions.",
    "No current or past office, biography, social links, images or policy position researched in Round A.",
    "SP frontend is not created or published.",
    "SC topic taxonomy remains an explicit upstream dependency; no taxonomy approval asserted.",
    "DivulgaCand profile links follow the project route; individual endpoints not HTTP-verified."
  ]
}
Official reconciliation blocked; inspect docs/sp/reconciliation.json
